Microchip MPLAB XC8 Compiler V3.00

Linker command line:

-W-3 \
  --edf=/home/grig/.mchp_packs/Microchip/PIC18F-Q_DFP/1.28.451/xc8/pic/dat/20250324195656_en.msgs \
  -pivt0x8=08h -cn -h+dist/default/production/adccc_uart.X.production.sym \
  --cmf=dist/default/production/adccc_uart.X.production.cmf -z -Q18F56Q71 \
  -o/tmp/xcXFJCNKK/driver_tmp_3.o --defsym=__MPLAB_BUILD=1 \
  --fixupoverflow=error \
  -Mdist/default/production/adccc_uart.X.production.map \
  --md=/tmp/xcXFJCNKK/driver_tmp_0.dat -E1 -ver=XC8 Compiler \
  -ACODE=00h-0FFFFh -ACONST=00h-0FFFFh -ASMALLCONST=01600h-016FFhx234 \
  -AMEDIUMCONST=01600h-0FFFFh -ACOMRAM=0501h-055Fh -AABS1=0500h-014FFh \
  -ABIGRAM=0501h-014FFh -ARAM=0560h-05FFh,0600h-06FFhx15 \
  -ABANK5=0560h-05FFh -ABANK6=0600h-06FFh -ABANK7=0700h-07FFh \
  -ABANK8=0800h-08FFh -ABANK9=0900h-09FFh -ABANK10=0A00h-0AFFh \
  -ABANK11=0B00h-0BFFh -ABANK12=0C00h-0CFFh -ABANK13=0D00h-0DFFh \
  -ABANK14=0E00h-0EFFh -ABANK15=0F00h-0FFFh -ABANK16=01000h-010FFh \
  -ABANK17=01100h-011FFh -ABANK18=01200h-012FFh -ABANK19=01300h-013FFh \
  -ABANK20=01400h-014FFh \
  -ASFR=00h-0FFhx4,0400h-045Fh,0460h-04FFh,01500h-015FFh \
  -ABIGSFR=00h-04FFh,01500h-015FFh -ACONFIG=0300000h-030000Bh \
  -AIDLOC=0200000h-020003Fh -AEEDATA=0380000h-03800FFh -peeprom_data=EEDATA \
  -preset_vec=00h -ppowerup=CODE,init -pramtop=01600h \
  -psmallconst=SMALLCONST -pmediumconst=MEDIUMCONST -pconst=CONST \
  -AFARRAM=00h-00h \
  -prdata=COMRAM,nvrram=COMRAM,nvbit=COMRAM,rbss=COMRAM,rbit=COMRAM \
  -pfarbss=FARRAM,fardata=FARRAM,nvFARRAM=FARRAM \
  -pintsave_regs=BIGRAM,bigbss=BIGRAM,bigdata=BIGRAM -pbss=RAM \
  -pidata=CODE,irdata=CODE,ibigdata=CODE,ifardata=CODE -prparam=COMRAM \
  /tmp/xcXFJCNKK/driver_tmp_9.o \
  dist/default/production/adccc_uart.X.production.o 

Object code version is 3.11

Machine type is 18F56Q71



                Name                               Link     Load   Length Selector   Space Scale
/tmp/xcXFJCNKK/driver_tmp_9.o
                config                           300000   300000        B        0       4
                init                                 1A       1A        4        4       0
                reset_vec                             0        0        4        0       0
dist/default/production/adccc_uart.X.production.o
                config                           300000   300000        B        0       4
                smallconst                         1600     1600       46      B00       0
                ivt0x8                                8        8       12        4       0
                text36                             1DF4     1DF4        8      B23       0
                text35                             1DEC     1DEC        8      B23       0
                text34                             1D0E     1D0E       1A      B23       0
                text33                             1DE4     1DE4        8      B23       0
                text32                             1ADE     1ADE       4E      B23       0
                text31                             1DA4     1DA4       10      B23       0
                text30                             1D7E     1D7E       14      B23       0
                text29                             1B72     1B72       40      B23       0
                text28                             1918     1918       90      B23       0
                text27                             1C3E     1C3E       28      B23       0
                text26                             1C16     1C16       28      B23       0
                text25                             19A8     19A8       8E      B23       0
                text24                             1D92     1D92       12      B23       0
                text23                             1D6A     1D6A       14      B23       0
                text22                             1E02     1E02        6      B23       0
                text21                             1BE6     1BE6       30      B23       0
                text20                             1D40     1D40       16      B23       0
                text19                             1646     1646      132      B23       0
                text18                             1DDC     1DDC        8      B23       0
                text17                             1DFC     1DFC        6      B23       0
                text16                             1B2C     1B2C       46      B23       0
                text15                             1778     1778       D8      B23       0
                text14                             1D28     1D28       18      B23       0
                text13                             1D56     1D56       14      B23       0
                text12                             1A36     1A36       56      B23       0
                text11                             1DD2     1DD2        A      B23       0
                text10                             1DC8     1DC8        A      B23       0
                text9                              1DBE     1DBE        A      B23       0
                text8                              1BB2     1BB2       34      B23       0
                text7                              1DB4     1DB4        A      B23       0
                text6                              1850     1850       C8      B23       0
                text5                              1CBE     1CBE       1C      B23       0
                text4                              1CA2     1CA2       1C      B23       0
                text3                              1C86     1C86       1C      B23       0
                text2                              1A8C     1A8C       52      B23       0
                text1                              1CF4     1CF4       1A      B23       0
                text0                              1CDA     1CDA       1A      B23       0
                cstackCOMRAM                        529      529        9      501       1
                bssCOMRAM                           501      501       28      501       1
                cinit                              1C66     1C66       20      B23       0
                nvCOMRAM                            532      532        2      501       1

TOTAL           Name                               Link     Load   Length     Space
        CLASS   CODE           
                init                                 1A       1A        4         0
                reset_vec                             0        0        4         0
                ivt0x8                                8        8       12         0
                text36                             1DF4     1DF4        8         0
                text35                             1DEC     1DEC        8         0
                text34                             1D0E     1D0E       1A         0
                text33                             1DE4     1DE4        8         0
                text32                             1ADE     1ADE       4E         0
                text31                             1DA4     1DA4       10         0
                text30                             1D7E     1D7E       14         0
                text29                             1B72     1B72       40         0
                text28                             1918     1918       90         0
                text27                             1C3E     1C3E       28         0
                text26                             1C16     1C16       28         0
                text25                             19A8     19A8       8E         0
                text24                             1D92     1D92       12         0
                text23                             1D6A     1D6A       14         0
                text22                             1E02     1E02        6         0
                text21                             1BE6     1BE6       30         0
                text20                             1D40     1D40       16         0
                text19                             1646     1646      132         0
                text18                             1DDC     1DDC        8         0
                text17                             1DFC     1DFC        6         0
                text16                             1B2C     1B2C       46         0
                text15                             1778     1778       D8         0
                text14                             1D28     1D28       18         0
                text13                             1D56     1D56       14         0
                text12                             1A36     1A36       56         0
                text11                             1DD2     1DD2        A         0
                text10                             1DC8     1DC8        A         0
                text9                              1DBE     1DBE        A         0
                text8                              1BB2     1BB2       34         0
                text7                              1DB4     1DB4        A         0
                text6                              1850     1850       C8         0
                text5                              1CBE     1CBE       1C         0
                text4                              1CA2     1CA2       1C         0
                text3                              1C86     1C86       1C         0
                text2                              1A8C     1A8C       52         0
                text1                              1CF4     1CF4       1A         0
                text0                              1CDA     1CDA       1A         0
                cinit                              1C66     1C66       20         0

        CLASS   CONST          

        CLASS   SMALLCONST     
                smallconst                         1600     1600       46         0

        CLASS   MEDIUMCONST    

        CLASS   COMRAM         
                cstackCOMRAM                        529      529        9         1
                bssCOMRAM                           501      501       28         1
                nvCOMRAM                            532      532        2         1

        CLASS   ABS1           

        CLASS   BIGRAM         

        CLASS   RAM            

        CLASS   BANK5          

        CLASS   BANK6          

        CLASS   BANK7          

        CLASS   BANK8          

        CLASS   BANK9          

        CLASS   BANK10         

        CLASS   BANK11         

        CLASS   BANK12         

        CLASS   BANK13         

        CLASS   BANK14         

        CLASS   BANK15         

        CLASS   BANK16         

        CLASS   BANK17         

        CLASS   BANK18         

        CLASS   BANK19         

        CLASS   BANK20         

        CLASS   SFR            

        CLASS   BIGSFR         

        CLASS   CONFIG         
                config                           300000   300000        B         4

        CLASS   IDLOC          

        CLASS   EEDATA         

        CLASS   FARRAM         

        CLASS   HEAP           

        CLASS   STACK          



SEGMENTS        Name                           Load    Length   Top    Selector   Space  Class

                reset_vec                      000000  000004  000004         0       0  CODE    
                text19                         001646  0007C2  001E08       B23       0  CODE    
                ivt0x8                         000008  000016  00001E         4       0  CODE    
                bssCOMRAM                      000501  000033  000534       501       1  COMRAM  
                smallconst                     001600  000046  001646       B00       0  SMALLCON


UNUSED ADDRESS RANGES

        Name                Unused          Largest block    Delta
        BANK10           000A00-000AFF              100
        BANK11           000B00-000BFF              100
        BANK12           000C00-000CFF              100
        BANK13           000D00-000DFF              100
        BANK14           000E00-000EFF              100
        BANK15           000F00-000FFF              100
        BANK16           001000-0010FF              100
        BANK17           001100-0011FF              100
        BANK18           001200-0012FF              100
        BANK19           001300-0013FF              100
        BANK20           001400-0014FF              100
        BANK5            000560-0005FF               A0
        BANK6            000600-0006FF              100
        BANK7            000700-0007FF              100
        BANK8            000800-0008FF              100
        BANK9            000900-0009FF              100
        BIGRAM           000534-0014FF              FCC
        BIGSFR           000000-0004FF              500
                         001500-0015FF              100
        CODE             000004-000007                4
                         00001E-0015FF             15E2
                         001E08-00FFFF             E1F8
        COMRAM           000534-00055F               2C
        CONFIG           30000B-30000B                1
        CONST            000004-000007                4
                         00001E-0015FF             15E2
                         001E08-00FFFF             E1F8
        EEDATA           380000-3800FF              100
        IDLOC            200000-20003F               40
        MEDIUMCONST      001E08-00FFFF             E1F8
        RAM              000560-0014FF              100
        SFR              000000-0004FF              100
                         001500-0015FF              100
        SMALLCONST       001E08-00FFFF              100

                                  Symbol Table

?_ADC_ConversionResultGet                          cstackCOMRAM 000529
ADC_ChannelSelect@channel                          cstackCOMRAM 00052F
ADC_ThresholdInterruptEnable@currentContext        cstackCOMRAM 000531
INT0_SetInterruptHandler@InterruptHandler          cstackCOMRAM 00052F
INT1_SetInterruptHandler@InterruptHandler          cstackCOMRAM 00052F
INT2_SetInterruptHandler@InterruptHandler          cstackCOMRAM 00052F
IO_RA0_SetInterruptHandler@InterruptHandler        cstackCOMRAM 00052F
IVTBASEH                                           (abs)        00045E
IVTBASEL                                           (abs)        00045D
IVTBASEU                                           (abs)        00045F
UART2_FramingErrorCallbackRegister@callbackHandler cstackCOMRAM 00052F
UART2_OverrunErrorCallbackRegister@callbackHandler cstackCOMRAM 00052F
UART2_ParityErrorCallbackRegister@callbackHandler  cstackCOMRAM 00052F
_ACTCON                                            (abs)        0000AC
_ADACCH                                            (abs)        0003E4
_ADACCL                                            (abs)        0003E3
_ADACCU                                            (abs)        0003E5
_ADACQH                                            (abs)        0003EF
_ADACQL                                            (abs)        0003EE
_ADACT                                             (abs)        0003F9
_ADCAP                                             (abs)        0003F0
_ADCGA                                             (abs)        000110
_ADCGB                                             (abs)        000111
_ADCGC                                             (abs)        000112
_ADCGD                                             (abs)        000113
_ADCGE                                             (abs)        000114
_ADCLK                                             (abs)        0003FA
_ADCNT                                             (abs)        0003E6
_ADCON0                                            (abs)        0003F3
_ADCON0bits                                        (abs)        0003F3
_ADCON1                                            (abs)        0003F4
_ADCON1bits                                        (abs)        0003F4
_ADCON2                                            (abs)        0003F5
_ADCON2bits                                        (abs)        0003F5
_ADCON3                                            (abs)        0003F6
_ADCON3bits                                        (abs)        0003F6
_ADCSEL1                                           (abs)        0003FC
_ADCSEL1bits                                       (abs)        0003FC
_ADCSEL2                                           (abs)        0003FD
_ADCSEL2bits                                       (abs)        0003FD
_ADCTX                                             (abs)        0003FB
_ADC_ChannelSelect                                 text18       001DDC
_ADC_Context1ThresholdCallback                     bssCOMRAM    000520
_ADC_Context1ThresholdISR                          text36       001DF4
_ADC_Context2ThresholdCallback                     bssCOMRAM    00051E
_ADC_Context2ThresholdISR                          text35       001DEC
_ADC_ConversionDoneCallback                        bssCOMRAM    000522
_ADC_ConversionResultGet                           text34       001D0E
_ADC_ConversionStart                               text17       001DFC
_ADC_ISR                                           text32       001ADE
_ADC_Initialize                                    text15       001778
_ADC_ThresholdInterruptEnable                      text16       001B2C
_ADERRH                                            (abs)        0003DE
_ADERRL                                            (abs)        0003DD
_ADFLTRH                                           (abs)        0003E2
_ADFLTRL                                           (abs)        0003E1
_ADLTHH                                            (abs)        0003DA
_ADLTHL                                            (abs)        0003D9
_ADNCH                                             (abs)        0003ED
_ADPCH                                             (abs)        0003EC
_ADPREH                                            (abs)        0003F2
_ADPREL                                            (abs)        0003F1
_ADPREVH                                           (abs)        0003E9
_ADPREVL                                           (abs)        0003E8
_ADREF                                             (abs)        0003F8
_ADRESH                                            (abs)        0003EB
_ADRESL                                            (abs)        0003EA
_ADRPT                                             (abs)        0003E7
_ADSTAT                                            (abs)        0003F7
_ADSTATbits                                        (abs)        0003F7
_ADSTPTH                                           (abs)        0003E0
_ADSTPTL                                           (abs)        0003DF
_ADUTHH                                            (abs)        0003DC
_ADUTHL                                            (abs)        0003DB
_ANSELA                                            (abs)        000400
_ANSELB                                            (abs)        000408
_ANSELC                                            (abs)        000410
_ANSELD                                            (abs)        000418
_ANSELE                                            (abs)        000420
_ANSELF                                            (abs)        000428
_CLOCK_Initialize                                  text14       001D28
_FSCMCON                                           (abs)        000458
_I2C1ADB1                                          (abs)        00028E
_I2C1BAUD                                          (abs)        00029D
_I2C1BTOC                                          (abs)        00029F
_I2C1CLK                                           (abs)        00029E
_I2C1CNTH                                          (abs)        00028C
_I2C1CNTL                                          (abs)        00028B
_I2C1CON0                                          (abs)        000293
_I2C1CON0bits                                      (abs)        000293
_I2C1CON1                                          (abs)        000294
_I2C1CON1bits                                      (abs)        000294
_I2C1CON2                                          (abs)        000295
_I2C1CON3                                          (abs)        000296
_I2C1ERR                                           (abs)        000297
_I2C1ERRbits                                       (abs)        000297
_I2C1PIE                                           (abs)        00029B
_I2C1PIEbits                                       (abs)        00029B
_I2C1PIR                                           (abs)        00029A
_I2C1PIRbits                                       (abs)        00029A
_I2C1RXB                                           (abs)        000289
_I2C1SCLPPS                                        (abs)        000271
_I2C1SDAPPS                                        (abs)        000270
_I2C1STAT0bits                                     (abs)        000298
_I2C1STAT1                                         (abs)        000299
_I2C1STAT1bits                                     (abs)        000299
_I2C1TXB                                           (abs)        00028A
_I2C1_BusReset                                     text29       001B72
_I2C1_Callback                                     bssCOMRAM    00050E
_I2C1_CallbackRegister                             (abs)        000000
_I2C1_Close                                        text27       001C3E
_I2C1_Deinitialize                                 (abs)        000000
_I2C1_ERROR_ISR                                    text28       001918
_I2C1_ErrorGet                                     (abs)        000000
_I2C1_Host                                         smallconst   001631
_I2C1_ISR                                          text25       0019A8
_I2C1_Initialize                                   text12       001A36
_I2C1_InterruptsDisable                            text31       001DA4
_I2C1_InterruptsEnable                             text13       001D56
_I2C1_IsBusy                                       (abs)        000000
_I2C1_RX_ISR                                       text24       001D92
_I2C1_Read                                         (abs)        000000
_I2C1_ReadStart                                    text26       001C16
_I2C1_TX_ISR                                       text23       001D6A
_I2C1_Write                                        (abs)        000000
_I2C1_WriteRead                                    (abs)        000000
_INLVLA                                            (abs)        000404
_INLVLB                                            (abs)        00040C
_INLVLC                                            (abs)        000414
_INLVLD                                            (abs)        00041C
_INLVLE                                            (abs)        000424
_INLVLF                                            (abs)        00042C
_INT0_DefaultInterruptHandler                      (abs)        000000
_INT0_InterruptHandler                             bssCOMRAM    00051C
_INT0_SetInterruptHandler                          text11       001DD2
_INT1_DefaultInterruptHandler                      (abs)        000000
_INT1_InterruptHandler                             bssCOMRAM    00051A
_INT1_SetInterruptHandler                          text10       001DC8
_INT2_DefaultInterruptHandler                      (abs)        000000
_INT2_InterruptHandler                             bssCOMRAM    000518
_INT2_SetInterruptHandler                          text9        001DBE
_INTCON0bits                                       (abs)        0004D6
_INTERRUPT_Initialize                              text8        001BB2
_INTERRUPT_InterruptManager                        text19       001646
_IOCAF                                             (abs)        000407
_IOCAFbits                                         (abs)        000407
_IOCAN                                             (abs)        000406
_IOCAP                                             (abs)        000405
_IOCBF                                             (abs)        00040F
_IOCBN                                             (abs)        00040E
_IOCBP                                             (abs)        00040D
_IOCCF                                             (abs)        000417
_IOCCN                                             (abs)        000416
_IOCCP                                             (abs)        000415
_IOCEF                                             (abs)        000427
_IOCEN                                             (abs)        000426
_IOCEP                                             (abs)        000425
_IOCWF                                             (abs)        00043F
_IOCWN                                             (abs)        00043E
_IOCWP                                             (abs)        00043D
_IO_RA0_DefaultInterruptHandler                    text22       001E02
_IO_RA0_ISR                                        text21       001BE6
_IO_RA0_InterruptHandler                           nvCOMRAM     000532
_IO_RA0_SetInterruptHandler                        text7        001DB4
_LATA                                              (abs)        000140
_LATB                                              (abs)        000141
_LATC                                              (abs)        000142
_LATD                                              (abs)        000143
_LATE                                              (abs)        000144
_LATF                                              (abs)        000145
_ODCONA                                            (abs)        000402
_ODCONB                                            (abs)        00040A
_ODCONC                                            (abs)        000412
_ODCOND                                            (abs)        00041A
_ODCONE                                            (abs)        000422
_ODCONF                                            (abs)        00042A
_OSCCON1                                           (abs)        0000AD
_OSCCON3                                           (abs)        0000AF
_OSCEN                                             (abs)        0000B3
_OSCFRQ                                            (abs)        0000B1
_OSCTUNE                                           (abs)        0000B0
_PIE0bits                                          (abs)        0004A7
_PIE1bits                                          (abs)        0004A8
_PIE7bits                                          (abs)        0004AE
_PIN_MANAGER_IOC                                   text20       001D40
_PIN_MANAGER_Initialize                            text6        001850
_PIR0bits                                          (abs)        0004B2
_PIR10bits                                         (abs)        0004BC
_PIR1bits                                          (abs)        0004B3
_PIR6bits                                          (abs)        0004B8
_PIR7bits                                          (abs)        0004B9
_PORTCbits                                         (abs)        000152
_RB1I2C                                            (abs)        000286
_RB2I2C                                            (abs)        000285
_RB4PPS                                            (abs)        00020D
_RC3I2C                                            (abs)        000288
_RC3PPS                                            (abs)        000214
_RC4I2C                                            (abs)        000287
_RC4PPS                                            (abs)        000215
_SLRCONA                                           (abs)        000403
_SLRCONB                                           (abs)        00040B
_SLRCONC                                           (abs)        000413
_SLRCOND                                           (abs)        00041B
_SLRCONE                                           (abs)        000423
_SLRCONF                                           (abs)        00042B
_SYSTEM_Initialize                                 text1        001CF4
_TRISA                                             (abs)        000148
_TRISB                                             (abs)        000149
_TRISC                                             (abs)        00014A
_TRISD                                             (abs)        00014B
_TRISE                                             (abs)        00014C
_TRISF                                             (abs)        00014D
_U2BRGH                                            (abs)        0002C2
_U2BRGL                                            (abs)        0002C1
_U2CON0                                            (abs)        0002BE
_U2CON0bits                                        (abs)        0002BE
_U2CON1                                            (abs)        0002BF
_U2CON1bits                                        (abs)        0002BF
_U2CON2                                            (abs)        0002C0
_U2ERRIE                                           (abs)        0002C6
_U2ERRIR                                           (abs)        0002C5
_U2ERRIRbits                                       (abs)        0002C5
_U2FIFO                                            (abs)        0002C3
_U2FIFObits                                        (abs)        0002C3
_U2P1L                                             (abs)        0002B8
_U2P2L                                             (abs)        0002BA
_U2P3L                                             (abs)        0002BC
_U2RXB                                             (abs)        0002B4
_U2RXPPS                                           (abs)        000274
_U2TXB                                             (abs)        0002B6
_U2UIR                                             (abs)        0002C4
_U2UIRbits                                         (abs)        0002C4
_UART2                                             smallconst   001601
_UART2_AutoBaudQuery                               (abs)        000000
_UART2_AutoBaudSet                                 (abs)        000000
_UART2_DefaultFramingErrorCallback                 (abs)        000000
_UART2_DefaultOverrunErrorCallback                 (abs)        000000
_UART2_DefaultParityErrorCallback                  (abs)        000000
_UART2_Deinitialize                                (abs)        000000
_UART2_ErrorGet                                    (abs)        000000
_UART2_FramingErrorCallbackRegister                text5        001CBE
_UART2_FramingErrorHandler                         bssCOMRAM    000514
_UART2_Initialize                                  text2        001A8C
_UART2_IsRxReady                                   (abs)        000000
_UART2_IsTxDone                                    (abs)        000000
_UART2_IsTxReady                                   (abs)        000000
_UART2_OverrunErrorCallbackRegister                text4        001CA2
_UART2_OverrunErrorHandler                         bssCOMRAM    000512
_UART2_ParityErrorCallbackRegister                 text3        001C86
_UART2_ParityErrorHandler                          bssCOMRAM    000510
_UART2_Read                                        (abs)        000000
_UART2_TransmitDisable                             (abs)        000000
_UART2_TransmitEnable                              (abs)        000000
_UART2_Write                                       (abs)        000000
_WPUA                                              (abs)        000401
_WPUB                                              (abs)        000409
_WPUC                                              (abs)        000411
_WPUD                                              (abs)        000419
_WPUE                                              (abs)        000421
_WPUF                                              (abs)        000429
__HRAM                                             (abs)        000000
__H__absolute__                                    __absolute__ 000000
__Habs1                                            abs1         000000
__Hbank10                                          bank10       000000
__Hbank11                                          bank11       000000
__Hbank12                                          bank12       000000
__Hbank13                                          bank13       000000
__Hbank14                                          bank14       000000
__Hbank15                                          bank15       000000
__Hbank16                                          bank16       000000
__Hbank17                                          bank17       000000
__Hbank18                                          bank18       000000
__Hbank19                                          bank19       000000
__Hbank20                                          bank20       000000
__Hbank5                                           bank5        000000
__Hbank6                                           bank6        000000
__Hbank7                                           bank7        000000
__Hbank8                                           bank8        000000
__Hbank9                                           bank9        000000
__Hbigbss                                          bigbss       000000
__Hbigdata                                         bigdata      000000
__Hbigram                                          bigram       000000
__Hbigsfr                                          bigsfr       000000
__Hbss                                             bss          000000
__HbssCOMRAM                                       bssCOMRAM    000000
__Hcinit                                           cinit        000000
__Hclrtext                                         clrtext      000000
__Hcomram                                          comram       000000
__Hconfig                                          config       30000B
__Hconst                                           const        000000
__HcstackCOMRAM                                    cstackCOMRAM 000000
__Hdata                                            data         000000
__Heeprom_data                                     eeprom_data  000000
__Hfarbss                                          farbss       000000
__Hfardata                                         fardata      000000
__Hheap                                            heap         000000
__Hibigdata                                        ibigdata     000000
__Hidata                                           idata        000000
__Hidloc                                           idloc        000000
__Hifardata                                        ifardata     000000
__Hinit                                            init         00001E
__Hintsave_regs                                    intsave_regs 000000
__Hirdata                                          irdata       000000
__Hivt0x8                                          ivt0x8       00001A
__Hmediumconst                                     mediumconst  000000
__HnvCOMRAM                                        nvCOMRAM     000000
__HnvFARRAM                                        nvFARRAM     000000
__Hnvbit                                           nvbit        000000
__Hnvrram                                          nvrram       000000
__Hparam                                           rparam       000000
__Hpowerup                                         powerup      000000
__Hram                                             ram          000000
__Hramtop                                          ramtop       001600
__Hrbit                                            rbit         000000
__Hrbss                                            rbss         000000
__Hrdata                                           rdata        000000
__Hreset_vec                                       reset_vec    000004
__Hrparam                                          rparam       000000
__Hsfr                                             sfr          000000
__Hsmallconst                                      smallconst   001646
__Hspace_0                                         (abs)        001E08
__Hspace_1                                         (abs)        000534
__Hspace_2                                         (abs)        000000
__Hspace_4                                         (abs)        60000B
__Hstack                                           stack        000000
__Hstruct                                          struct       000000
__Htemp                                            temp         000000
__Htext                                            text         000000
__Htext0                                           text0        000000
__Htext1                                           text1        000000
__Htext10                                          text10       000000
__Htext11                                          text11       000000
__Htext12                                          text12       000000
__Htext13                                          text13       000000
__Htext14                                          text14       000000
__Htext15                                          text15       000000
__Htext16                                          text16       000000
__Htext17                                          text17       000000
__Htext18                                          text18       000000
__Htext19                                          text19       000000
__Htext2                                           text2        000000
__Htext20                                          text20       000000
__Htext21                                          text21       000000
__Htext22                                          text22       000000
__Htext23                                          text23       000000
__Htext24                                          text24       000000
__Htext25                                          text25       000000
__Htext26                                          text26       000000
__Htext27                                          text27       000000
__Htext28                                          text28       000000
__Htext29                                          text29       000000
__Htext3                                           text3        000000
__Htext30                                          text30       000000
__Htext31                                          text31       000000
__Htext32                                          text32       000000
__Htext33                                          text33       000000
__Htext34                                          text34       000000
__Htext35                                          text35       000000
__Htext36                                          text36       000000
__Htext4                                           text4        000000
__Htext5                                           text5        000000
__Htext6                                           text6        000000
__Htext7                                           text7        000000
__Htext8                                           text8        000000
__Htext9                                           text9        000000
__LRAM                                             (abs)        000001
__L__absolute__                                    __absolute__ 000000
__Labs1                                            abs1         000000
__Lbank10                                          bank10       000000
__Lbank11                                          bank11       000000
__Lbank12                                          bank12       000000
__Lbank13                                          bank13       000000
__Lbank14                                          bank14       000000
__Lbank15                                          bank15       000000
__Lbank16                                          bank16       000000
__Lbank17                                          bank17       000000
__Lbank18                                          bank18       000000
__Lbank19                                          bank19       000000
__Lbank20                                          bank20       000000
__Lbank5                                           bank5        000000
__Lbank6                                           bank6        000000
__Lbank7                                           bank7        000000
__Lbank8                                           bank8        000000
__Lbank9                                           bank9        000000
__Lbigbss                                          bigbss       000000
__Lbigdata                                         bigdata      000000
__Lbigram                                          bigram       000000
__Lbigsfr                                          bigsfr       000000
__Lbss                                             bss          000000
__LbssCOMRAM                                       bssCOMRAM    000000
__Lcinit                                           cinit        000000
__Lclrtext                                         clrtext      000000
__Lcomram                                          comram       000000
__Lconfig                                          config       000000
__Lconst                                           const        000000
__LcstackCOMRAM                                    cstackCOMRAM 000000
__Ldata                                            data         000000
__Leeprom_data                                     eeprom_data  000000
__Lfarbss                                          farbss       000000
__Lfardata                                         fardata      000000
__Lheap                                            heap         000000
__Libigdata                                        ibigdata     000000
__Lidata                                           idata        000000
__Lidloc                                           idloc        000000
__Lifardata                                        ifardata     000000
__Linit                                            init         00001A
__Lintsave_regs                                    intsave_regs 000000
__Lirdata                                          irdata       000000
__Livt0x8                                          ivt0x8       000008
__Lmediumconst                                     mediumconst  000000
__LnvCOMRAM                                        nvCOMRAM     000000
__LnvFARRAM                                        nvFARRAM     000000
__Lnvbit                                           nvbit        000000
__Lnvrram                                          nvrram       000000
__Lparam                                           rparam       000000
__Lpowerup                                         powerup      000000
__Lram                                             ram          000000
__Lramtop                                          ramtop       001600
__Lrbit                                            rbit         000000
__Lrbss                                            rbss         000000
__Lrdata                                           rdata        000000
__Lreset_vec                                       reset_vec    000000
__Lrparam                                          rparam       000000
__Lsfr                                             sfr          000000
__Lsmallconst                                      smallconst   001600
__Lspace_0                                         (abs)        000000
__Lspace_1                                         (abs)        000000
__Lspace_2                                         (abs)        000000
__Lspace_4                                         (abs)        000000
__Lstack                                           stack        000000
__Lstruct                                          struct       000000
__Ltemp                                            temp         000000
__Ltext                                            text         000000
__Ltext0                                           text0        000000
__Ltext1                                           text1        000000
__Ltext10                                          text10       000000
__Ltext11                                          text11       000000
__Ltext12                                          text12       000000
__Ltext13                                          text13       000000
__Ltext14                                          text14       000000
__Ltext15                                          text15       000000
__Ltext16                                          text16       000000
__Ltext17                                          text17       000000
__Ltext18                                          text18       000000
__Ltext19                                          text19       000000
__Ltext2                                           text2        000000
__Ltext20                                          text20       000000
__Ltext21                                          text21       000000
__Ltext22                                          text22       000000
__Ltext23                                          text23       000000
__Ltext24                                          text24       000000
__Ltext25                                          text25       000000
__Ltext26                                          text26       000000
__Ltext27                                          text27       000000
__Ltext28                                          text28       000000
__Ltext29                                          text29       000000
__Ltext3                                           text3        000000
__Ltext30                                          text30       000000
__Ltext31                                          text31       000000
__Ltext32                                          text32       000000
__Ltext33                                          text33       000000
__Ltext34                                          text34       000000
__Ltext35                                          text35       000000
__Ltext36                                          text36       000000
__Ltext4                                           text4        000000
__Ltext5                                           text5        000000
__Ltext6                                           text6        000000
__Ltext7                                           text7        000000
__Ltext8                                           text8        000000
__Ltext9                                           text9        000000
__S0                                               (abs)        001E08
__S1                                               (abs)        000534
__S4                                               (abs)        000000
__S5                                               (abs)        000000
___heap_hi                                         (abs)        000000
___heap_lo                                         (abs)        000000
___inthi_sp                                        stack        000000
___inthi_stack_hi                                  stack        000000
___inthi_stack_lo                                  stack        000000
___intlo_sp                                        stack        000000
___intlo_stack_hi                                  stack        000000
___intlo_stack_lo                                  stack        000000
___param_bank                                      (abs)        000000
___rparam_used                                     (abs)        000001
___sp                                              stack        000000
___stack_hi                                        stack        000000
___stack_lo                                        stack        000000
__accesstop                                        (abs)        000560
__activetblptr                                     (abs)        000003
__end_of_ADC_ChannelSelect                         text18       001DE4
__end_of_ADC_Context1ThresholdISR                  text36       001DFC
__end_of_ADC_Context2ThresholdISR                  text35       001DF4
__end_of_ADC_ConversionResultGet                   text34       001D28
__end_of_ADC_ConversionStart                       text17       001E02
__end_of_ADC_ISR                                   text32       001B2C
__end_of_ADC_Initialize                            text15       001850
__end_of_ADC_ThresholdInterruptEnable              text16       001B72
__end_of_CLOCK_Initialize                          text14       001D40
__end_of_I2C1_BusReset                             text29       001BB2
__end_of_I2C1_Close                                text27       001C66
__end_of_I2C1_ERROR_ISR                            text28       0019A8
__end_of_I2C1_Host                                 smallconst   001645
__end_of_I2C1_ISR                                  text25       001A36
__end_of_I2C1_Initialize                           text12       001A8C
__end_of_I2C1_InterruptsDisable                    text31       001DB4
__end_of_I2C1_InterruptsEnable                     text13       001D6A
__end_of_I2C1_RX_ISR                               text24       001DA4
__end_of_I2C1_ReadStart                            text26       001C3E
__end_of_I2C1_TX_ISR                               text23       001D7E
__end_of_INT0_SetInterruptHandler                  text11       001DDC
__end_of_INT1_SetInterruptHandler                  text10       001DD2
__end_of_INT2_SetInterruptHandler                  text9        001DC8
__end_of_INTERRUPT_Initialize                      text8        001BE6
__end_of_INTERRUPT_InterruptManager                text19       001778
__end_of_IO_RA0_DefaultInterruptHandler            text22       001E08
__end_of_IO_RA0_ISR                                text21       001C16
__end_of_IO_RA0_SetInterruptHandler                text7        001DBE
__end_of_PIN_MANAGER_IOC                           text20       001D56
__end_of_PIN_MANAGER_Initialize                    text6        001918
__end_of_SYSTEM_Initialize                         text1        001D0E
__end_of_UART2                                     smallconst   001631
__end_of_UART2_FramingErrorCallbackRegister        text5        001CDA
__end_of_UART2_Initialize                          text2        001ADE
__end_of_UART2_OverrunErrorCallbackRegister        text4        001CBE
__end_of_UART2_ParityErrorCallbackRegister         text3        001CA2
__end_of__initialization                           cinit        001C80
__end_of_main                                      text0        001CF4
__end_ofi2_ADC_ChannelSelect                       text33       001DEC
__end_ofi2_I2C1_InterruptsEnable                   text30       001D92
__initialization                                   cinit        001C66
__mediumconst                                      smallconst   001600
__pbssCOMRAM                                       bssCOMRAM    000501
__pcinit                                           cinit        001C66
__pcstackCOMRAM                                    cstackCOMRAM 000529
__pivt0x8                                          ivt0x8       000008
__pnvCOMRAM                                        nvCOMRAM     000532
__psmallconst                                      smallconst   001600
__ptext0                                           text0        001CDA
__ptext1                                           text1        001CF4
__ptext10                                          text10       001DC8
__ptext11                                          text11       001DD2
__ptext12                                          text12       001A36
__ptext13                                          text13       001D56
__ptext14                                          text14       001D28
__ptext15                                          text15       001778
__ptext16                                          text16       001B2C
__ptext17                                          text17       001DFC
__ptext18                                          text18       001DDC
__ptext19                                          text19       001646
__ptext2                                           text2        001A8C
__ptext20                                          text20       001D40
__ptext21                                          text21       001BE6
__ptext22                                          text22       001E02
__ptext23                                          text23       001D6A
__ptext24                                          text24       001D92
__ptext25                                          text25       0019A8
__ptext26                                          text26       001C16
__ptext27                                          text27       001C3E
__ptext28                                          text28       001918
__ptext29                                          text29       001B72
__ptext3                                           text3        001C86
__ptext30                                          text30       001D7E
__ptext31                                          text31       001DA4
__ptext32                                          text32       001ADE
__ptext33                                          text33       001DE4
__ptext34                                          text34       001D0E
__ptext35                                          text35       001DEC
__ptext36                                          text36       001DF4
__ptext4                                           text4        001CA2
__ptext5                                           text5        001CBE
__ptext6                                           text6        001850
__ptext7                                           text7        001DB4
__ptext8                                           text8        001BB2
__ptext9                                           text9        001DBE
__ramtop                                           ramtop       001600
__smallconst                                       smallconst   001600
_context                                           bssCOMRAM    000528
_i2c1Status                                        bssCOMRAM    000501
_main                                              text0        001CDA
_rezultat_adc1                                     bssCOMRAM    000526
_rezultat_adc2                                     bssCOMRAM    000524
_uart2RxLastError                                  bssCOMRAM    000516
end_of_initialization                              cinit        001C80
i2ADC_ChannelSelect@channel                        cstackCOMRAM 000529
i2_ADC_ChannelSelect                               text33       001DE4
i2_I2C1_InterruptsEnable                           text30       001D7E
intlevel0                                          text         000000
intlevel1                                          text         000000
intlevel2                                          text         000000
intlevel3                                          text         000000
isa$std                                            (abs)        000001
isa$xinst                                          (abs)        000000
ivt0x8_base                                        ivt0x8       000008
stackhi                                            (abs)        000000
stacklo                                            (abs)        000000
start                                              init         00001A
start_initialization                               cinit        001C66


MODULE INFORMATION

Module		Function		Class		Link	Load	Size
mcc_generated_files/system/src/interrupt.c
		_INT0_SetInterruptHandler		CODE           	1DD2	0000	10
		_INT1_SetInterruptHandler		CODE           	1DC8	0000	10
		_INT2_SetInterruptHandler		CODE           	1DBE	0000	10
		_INTERRUPT_Initialize		CODE           	1BB2	0000	52
		_INTERRUPT_InterruptManager		CODE           	1646	0000	306

mcc_generated_files/system/src/interrupt.c estimated size: 388

mcc_generated_files/adc/src/adc.c
		_ADC_Initialize		CODE           	1778	0000	216
		_ADC_ConversionStart		CODE           	1DFC	0000	6
		_ADC_ThresholdInterruptEnable		CODE           	1B2C	0000	70
		_ADC_ChannelSelect		CODE           	1DDC	0000	8
		_ADC_Context1ThresholdISR		CODE           	1DF4	0000	8
		_ADC_Context2ThresholdISR		CODE           	1DEC	0000	8
		_ADC_ISR       		CODE           	1ADE	0000	78
		_ADC_ConversionResultGet		CODE           	1D0E	0000	26

mcc_generated_files/adc/src/adc.c estimated size: 420

mcc_generated_files/i2c_host/src/i2c1.c
		_I2C1_RX_ISR   		CODE           	1D92	0000	18
		_I2C1_InterruptsEnable		CODE           	1D56	0000	20
		_I2C1_ReadStart		CODE           	1C16	0000	40
		_I2C1_ISR      		CODE           	19A8	0000	142
		_I2C1_InterruptsDisable		CODE           	1DA4	0000	16
		_I2C1_BusReset 		CODE           	1B72	0000	64
		_I2C1_Initialize		CODE           	1A36	0000	86
		_I2C1_Close    		CODE           	1C3E	0000	40
		_I2C1_ERROR_ISR		CODE           	1918	0000	144
		_I2C1_TX_ISR   		CODE           	1D6A	0000	20

mcc_generated_files/i2c_host/src/i2c1.c estimated size: 590

mcc_generated_files/system/src/pins.c
		_PIN_MANAGER_Initialize		CODE           	1850	0000	200
		_IO_RA0_SetInterruptHandler		CODE           	1DB4	0000	10
		_PIN_MANAGER_IOC		CODE           	1D40	0000	22
		_IO_RA0_DefaultInterruptHandler		CODE           	1E02	0000	6
		_IO_RA0_ISR    		CODE           	1BE6	0000	48

mcc_generated_files/system/src/pins.c estimated size: 286

shared
		i2_I2C1_InterruptsEnable		CODE           	1D7E	0000	20
		__initialization		CODE           	1C66	0000	26
		_I2C1_Host     		SMALLCONST     	1631	0000	20
		_UART2         		SMALLCONST     	1601	0000	48
		i2_ADC_ChannelSelect		CODE           	1DE4	0000	8

shared estimated size: 122

mcc_generated_files/system/src/clock.c
		_CLOCK_Initialize		CODE           	1D28	0000	24

mcc_generated_files/system/src/clock.c estimated size: 24

main.c
		_main          		CODE           	1CDA	0000	26

main.c estimated size: 26

mcc_generated_files/uart/src/uart2.c
		_UART2_ParityErrorCallbackRegister		CODE           	1C86	0000	28
		_UART2_FramingErrorCallbackRegister		CODE           	1CBE	0000	28
		_UART2_OverrunErrorCallbackRegister		CODE           	1CA2	0000	28
		_UART2_Initialize		CODE           	1A8C	0000	82

mcc_generated_files/uart/src/uart2.c estimated size: 166

mcc_generated_files/system/src/system.c
		_SYSTEM_Initialize		CODE           	1CF4	0000	26

mcc_generated_files/system/src/system.c estimated size: 26

