Microchip MPLAB XC8 Compiler V3.00

Linker command line:

-W-3 \
  --edf=C:/Users/Electric NDS/.mchp_packs/Microchip/PIC18F-Q_DFP/1.28.451/xc8\pic\dat\20250324195656_en.msgs \
  -pivt0x8=08h -cn \
  -h+dist/default/production\adc_setari_7_7.X.production.sym \
  --cmf=dist/default/production\adc_setari_7_7.X.production.cmf -z \
  -Q18F56Q71 \
  -oC:\Users\ELECTR~1\AppData\Local\Temp\xcBsngk.1\driver_tmp_3.o \
  --defsym=__MPLAB_BUILD=1 --fixupoverflow=error \
  -Mdist/default/production/adc_setari_7_7.X.production.map \
  --md=C:\Users\ELECTR~1\AppData\Local\Temp\xcBsngk.1\driver_tmp_0.dat -E1 \
  -ver=XC8 Compiler -ACODE=00h-0FFFFh -ACONST=00h-0FFFFh \
  -ASMALLCONST=01600h-016FFhx234 -AMEDIUMCONST=01600h-0FFFFh \
  -ACOMRAM=0501h-055Fh -AABS1=0500h-014FFh -ABIGRAM=0501h-014FFh \
  -ARAM=0560h-05FFh,0600h-06FFhx15 -ABANK5=0560h-05FFh -ABANK6=0600h-06FFh \
  -ABANK7=0700h-07FFh -ABANK8=0800h-08FFh -ABANK9=0900h-09FFh \
  -ABANK10=0A00h-0AFFh -ABANK11=0B00h-0BFFh -ABANK12=0C00h-0CFFh \
  -ABANK13=0D00h-0DFFh -ABANK14=0E00h-0EFFh -ABANK15=0F00h-0FFFh \
  -ABANK16=01000h-010FFh -ABANK17=01100h-011FFh -ABANK18=01200h-012FFh \
  -ABANK19=01300h-013FFh -ABANK20=01400h-014FFh \
  -ASFR=00h-0FFhx4,0400h-045Fh,0460h-04FFh,01500h-015FFh \
  -ABIGSFR=00h-04FFh,01500h-015FFh -ACONFIG=0300000h-030000Bh \
  -AIDLOC=0200000h-020003Fh -AEEDATA=0380000h-03800FFh -peeprom_data=EEDATA \
  -preset_vec=00h -ppowerup=CODE,init -pramtop=01600h \
  -psmallconst=SMALLCONST -pmediumconst=MEDIUMCONST -pconst=CONST \
  -AFARRAM=00h-00h \
  -prdata=COMRAM,nvrram=COMRAM,nvbit=COMRAM,rbss=COMRAM,rbit=COMRAM \
  -pfarbss=FARRAM,fardata=FARRAM,nvFARRAM=FARRAM \
  -pintsave_regs=BIGRAM,bigbss=BIGRAM,bigdata=BIGRAM -pbss=RAM \
  -pidata=CODE,irdata=CODE,ibigdata=CODE,ifardata=CODE -prparam=COMRAM \
  C:\Users\ELECTR~1\AppData\Local\Temp\xcBsngk.1\driver_tmp_14.o \
  dist/default/production\adc_setari_7_7.X.production.o 

Object code version is 3.11

Machine type is 18F56Q71



                Name                               Link     Load   Length Selector   Space Scale
C:\Users\ELECTR~1\AppData\Local\Temp\xcBsngk.1\driver_tmp_14.o
                config                           300000   300000        B        0       4
                init                                 1A       1A        4        4       0
                reset_vec                             0        0        4        0       0
dist/default/production\adc_setari_7_7.X.production.o
                config                           300000   300000        B        0       4
                smallconst                         1600     1600       56      B00       0
                ivt0x8                                8        8       12        4       0
                text49                             403A     403A        4      B2B       0
                text48                             4036     4036        4      B2B       0
                text47                             4032     4032        4      B2B       0
                text46                             403E     403E        2      B2B       0
                text45                             3E60     3E60       32      B2B       0
                text44                             3FDE     3FDE       16      B2B       0
                text43                             3AD4     3AD4       A2      B2B       0
                text42                             4024     4024        8      B2B       0
                text41                             3F80     3F80       1A      B2B       0
                text40                             402C     402C        6      B2B       0
                text39                             3FC8     3FC8       16      B2B       0
                text38                             371C     371C       D0      B2B       0
                text37                             3F9A     3F9A       18      B2B       0
                text36                             4012     4012        A      B2B       0
                text35                             4008     4008        A      B2B       0
                text34                             3FFE     3FFE        A      B2B       0
                text33                             3E2C     3E2C       34      B2B       0
                text32                             3FF4     3FF4        A      B2B       0
                text31                             3976     3976       B4      B2B       0
                text30                             3F64     3F64       1C      B2B       0
                text29                             3F48     3F48       1C      B2B       0
                text28                             3F2C     3F2C       1C      B2B       0
                text27                             3C3A     3C3A       54      B2B       0
                text26                             3FB2     3FB2       16      B2B       0
                text25                             30D6     30D6      1B4      B2B       0
                text24                             291E     291E      390      B2B       0
                text23                             3A2A     3A2A       AA      B2B       0
                text22                             351A     351A      104      B2B       0
                text21                             24F8     24F8      426      B2B       0
                text20                             3DF4     3DF4       38      B2B       0
                text19                             2042     2042      4B6      B2B       0
                text18                             3D2E     3D2E       46      B2B       0
                text17                             3414     3414      106      B2B       0
                text16                             361E     361E       FE      B2B       0
                text15                             2EC4     2EC4      212      B2B       0
                text14                             3BE4     3BE4       56      B2B       0
                text13                             3CDE     3CDE       50      B2B       0
                text12                             3EC2     3EC2       28      B2B       0
                text11                             401C     401C        8      B2B       0
                text10                             3F0E     3F0E       1E      B2B       0
                text9                              37EC     37EC       CA      B2B       0
                text8                              3D74     3D74       44      B2B       0
                text7                              3B76     3B76       6E      B2B       0
                text6                              3DB8     3DB8       3C      B2B       0
                text5                              1656     1656      9EC      B2B       0
                text4                              38B6     38B6       C0      B2B       0
                text3                              2CAE     2CAE      216      B2B       0
                text2                              3C8E     3C8E       50      B2B       0
                text1                              3EEA     3EEA       24      B2B       0
                text0                              328A     328A      18A      B2B       0
                cstackCOMRAM                        501      501       5B      501       1
                cstackBANK5                         560      560       57      560       1
                bssBANK6                            600      600       50      600       1
                bssBANK5                            5B7      5B7       23      560       1
                bssCOMRAM                           55C      55C        2      501       1
                cinit                              3E92     3E92       30      B2B       0
                nvBANK5                             5DA      5DA        2      560       1

TOTAL           Name                               Link     Load   Length     Space
        CLASS   CODE           
                init                                 1A       1A        4         0
                reset_vec                             0        0        4         0
                ivt0x8                                8        8       12         0
                text49                             403A     403A        4         0
                text48                             4036     4036        4         0
                text47                             4032     4032        4         0
                text46                             403E     403E        2         0
                text45                             3E60     3E60       32         0
                text44                             3FDE     3FDE       16         0
                text43                             3AD4     3AD4       A2         0
                text42                             4024     4024        8         0
                text41                             3F80     3F80       1A         0
                text40                             402C     402C        6         0
                text39                             3FC8     3FC8       16         0
                text38                             371C     371C       D0         0
                text37                             3F9A     3F9A       18         0
                text36                             4012     4012        A         0
                text35                             4008     4008        A         0
                text34                             3FFE     3FFE        A         0
                text33                             3E2C     3E2C       34         0
                text32                             3FF4     3FF4        A         0
                text31                             3976     3976       B4         0
                text30                             3F64     3F64       1C         0
                text29                             3F48     3F48       1C         0
                text28                             3F2C     3F2C       1C         0
                text27                             3C3A     3C3A       54         0
                text26                             3FB2     3FB2       16         0
                text25                             30D6     30D6      1B4         0
                text24                             291E     291E      390         0
                text23                             3A2A     3A2A       AA         0
                text22                             351A     351A      104         0
                text21                             24F8     24F8      426         0
                text20                             3DF4     3DF4       38         0
                text19                             2042     2042      4B6         0
                text18                             3D2E     3D2E       46         0
                text17                             3414     3414      106         0
                text16                             361E     361E       FE         0
                text15                             2EC4     2EC4      212         0
                text14                             3BE4     3BE4       56         0
                text13                             3CDE     3CDE       50         0
                text12                             3EC2     3EC2       28         0
                text11                             401C     401C        8         0
                text10                             3F0E     3F0E       1E         0
                text9                              37EC     37EC       CA         0
                text8                              3D74     3D74       44         0
                text7                              3B76     3B76       6E         0
                text6                              3DB8     3DB8       3C         0
                text5                              1656     1656      9EC         0
                text4                              38B6     38B6       C0         0
                text3                              2CAE     2CAE      216         0
                text2                              3C8E     3C8E       50         0
                text1                              3EEA     3EEA       24         0
                text0                              328A     328A      18A         0
                cinit                              3E92     3E92       30         0

        CLASS   CONST          

        CLASS   SMALLCONST     
                smallconst                         1600     1600       56         0

        CLASS   MEDIUMCONST    

        CLASS   COMRAM         
                cstackCOMRAM                        501      501       5B         1
                bssCOMRAM                           55C      55C        2         1

        CLASS   ABS1           

        CLASS   BIGRAM         

        CLASS   RAM            

        CLASS   BANK5          
                cstackBANK5                         560      560       57         1
                bssBANK5                            5B7      5B7       23         1
                nvBANK5                             5DA      5DA        2         1

        CLASS   BANK6          
                bssBANK6                            600      600       50         1

        CLASS   BANK7          

        CLASS   BANK8          

        CLASS   BANK9          

        CLASS   BANK10         

        CLASS   BANK11         

        CLASS   BANK12         

        CLASS   BANK13         

        CLASS   BANK14         

        CLASS   BANK15         

        CLASS   BANK16         

        CLASS   BANK17         

        CLASS   BANK18         

        CLASS   BANK19         

        CLASS   BANK20         

        CLASS   SFR            

        CLASS   BIGSFR         

        CLASS   CONFIG         
                config                           300000   300000        B         4

        CLASS   IDLOC          

        CLASS   EEDATA         

        CLASS   FARRAM         

        CLASS   HEAP           

        CLASS   STACK          



SEGMENTS        Name                           Load    Length   Top    Selector   Space  Class

                reset_vec                      000000  000004  000004         0       0  CODE    
                ivt0x8                         000008  000016  00001E         4       0  CODE    
                cstackCOMRAM                   000501  00005D  00055E       501       1  COMRAM  
                cstackBANK5                    000560  00007C  0005DC       560       1  BANK5   
                bssBANK6                       000600  000050  000650       600       1  BANK6   
                smallconst                     001600  000056  001656       B00       0  SMALLCON
                text5                          001656  0029EA  004040       B2B       0  CODE    


UNUSED ADDRESS RANGES

        Name                Unused          Largest block    Delta
        BANK10           000A00-000AFF              100
        BANK11           000B00-000BFF              100
        BANK12           000C00-000CFF              100
        BANK13           000D00-000DFF              100
        BANK14           000E00-000EFF              100
        BANK15           000F00-000FFF              100
        BANK16           001000-0010FF              100
        BANK17           001100-0011FF              100
        BANK18           001200-0012FF              100
        BANK19           001300-0013FF              100
        BANK20           001400-0014FF              100
        BANK5            0005DC-0005FF               24
        BANK6            000650-0006FF               B0
        BANK7            000700-0007FF              100
        BANK8            000800-0008FF              100
        BANK9            000900-0009FF              100
        BIGRAM           00055E-00055F                2
                         0005DC-0005FF               24
                         000650-0014FF              EB0
        BIGSFR           000000-0004FF              500
                         001500-0015FF              100
        CODE             000004-000007                4
                         00001E-0015FF             15E2
                         004040-00FFFF             BFC0
        COMRAM           00055E-00055F                2
        CONFIG           30000B-30000B                1
        CONST            000004-000007                4
                         00001E-0015FF             15E2
                         004040-00FFFF             BFC0
        EEDATA           380000-3800FF              100
        IDLOC            200000-20003F               40
        MEDIUMCONST      004040-00FFFF             BFC0
        RAM              0005DC-0005FF               24
                         000650-0014FF              100
        SFR              000000-0004FF              100
                         001500-0015FF              100
        SMALLCONST       004040-00FFFF              100

                                  Symbol Table

?_ADC_ConversionResultGet                          cstackCOMRAM 000503
?___fladd                                          cstackCOMRAM 000503
?___fldiv                                          cstackCOMRAM 00052E
?___flmul                                          cstackCOMRAM 000515
?___flneg                                          cstackCOMRAM 000503
?___flsub                                          cstackCOMRAM 00052E
?___fltol                                          cstackCOMRAM 000503
?___fpclassifyf                                    cstackCOMRAM 000503
?___xxtofl                                         cstackCOMRAM 000507
?_floorf                                           cstackCOMRAM 000547
?_labs                                             cstackCOMRAM 000503
?_printf                                           cstackBANK5  0005A8
?_read_prec_or_width                               cstackCOMRAM 000503
?_vfprintf                                         cstackBANK5  0005A3
ADC_ContextSelect@context                          cstackCOMRAM 000503
INT0_SetInterruptHandler@InterruptHandler          cstackCOMRAM 000503
INT1_SetInterruptHandler@InterruptHandler          cstackCOMRAM 000503
INT2_SetInterruptHandler@InterruptHandler          cstackCOMRAM 000503
IO_RA0_SetInterruptHandler@InterruptHandler        cstackCOMRAM 000503
IVTBASEH                                           (abs)        00045E
IVTBASEL                                           (abs)        00045D
IVTBASEU                                           (abs)        00045F
UART2_FramingErrorCallbackRegister@callbackHandler cstackCOMRAM 000503
UART2_OverrunErrorCallbackRegister@callbackHandler cstackCOMRAM 000503
UART2_ParityErrorCallbackRegister@callbackHandler  cstackCOMRAM 000503
UART2_Write@txData                                 cstackCOMRAM 000503
_ACTCON                                            (abs)        0000AC
_ADACCH                                            (abs)        0003E4
_ADACCL                                            (abs)        0003E3
_ADACCU                                            (abs)        0003E5
_ADACQH                                            (abs)        0003EF
_ADACQL                                            (abs)        0003EE
_ADACT                                             (abs)        0003F9
_ADCAP                                             (abs)        0003F0
_ADCGA                                             (abs)        000110
_ADCGB                                             (abs)        000111
_ADCGC                                             (abs)        000112
_ADCGD                                             (abs)        000113
_ADCGE                                             (abs)        000114
_ADCLK                                             (abs)        0003FA
_ADCNT                                             (abs)        0003E6
_ADCON0                                            (abs)        0003F3
_ADCON0bits                                        (abs)        0003F3
_ADCON1                                            (abs)        0003F4
_ADCON1bits                                        (abs)        0003F4
_ADCON2                                            (abs)        0003F5
_ADCON2bits                                        (abs)        0003F5
_ADCON3                                            (abs)        0003F6
_ADCON3bits                                        (abs)        0003F6
_ADCSEL1                                           (abs)        0003FC
_ADCSEL1bits                                       (abs)        0003FC
_ADCSEL2                                           (abs)        0003FD
_ADCSEL2bits                                       (abs)        0003FD
_ADCTX                                             (abs)        0003FB
_ADC_Context1ThresholdCallback                     bssBANK5     0005C5
_ADC_Context1ThresholdISR                          text49       00403A
_ADC_Context2ThresholdCallback                     bssBANK5     0005C3
_ADC_Context2ThresholdISR                          text48       004036
_ADC_ContextSelect                                 text42       004024
_ADC_ConversionDoneCallback                        bssBANK5     0005C7
_ADC_ConversionResultGet                           text41       003F80
_ADC_ConversionStart                               text40       00402C
_ADC_ISR                                           text47       004032
_ADC_Initialize                                    text38       00371C
_ADC_IsConversionDone                              text39       003FC8
_ADERRH                                            (abs)        0003DE
_ADERRL                                            (abs)        0003DD
_ADFLTRH                                           (abs)        0003E2
_ADFLTRL                                           (abs)        0003E1
_ADLTHH                                            (abs)        0003DA
_ADLTHL                                            (abs)        0003D9
_ADNCH                                             (abs)        0003ED
_ADPCH                                             (abs)        0003EC
_ADPREH                                            (abs)        0003F2
_ADPREL                                            (abs)        0003F1
_ADPREVH                                           (abs)        0003E9
_ADPREVL                                           (abs)        0003E8
_ADREF                                             (abs)        0003F8
_ADRESH                                            (abs)        0003EB
_ADRESL                                            (abs)        0003EA
_ADRPT                                             (abs)        0003E7
_ADSTAT                                            (abs)        0003F7
_ADSTATbits                                        (abs)        0003F7
_ADSTPTH                                           (abs)        0003E0
_ADSTPTL                                           (abs)        0003DF
_ADUTHH                                            (abs)        0003DC
_ADUTHL                                            (abs)        0003DB
_ANSELA                                            (abs)        000400
_ANSELB                                            (abs)        000408
_ANSELC                                            (abs)        000410
_ANSELD                                            (abs)        000418
_ANSELE                                            (abs)        000420
_ANSELF                                            (abs)        000428
_CLOCK_Initialize                                  text37       003F9A
_FSCMCON                                           (abs)        000458
_INLVLA                                            (abs)        000404
_INLVLB                                            (abs)        00040C
_INLVLC                                            (abs)        000414
_INLVLD                                            (abs)        00041C
_INLVLE                                            (abs)        000424
_INLVLF                                            (abs)        00042C
_INT0_DefaultInterruptHandler                      (abs)        000000
_INT0_InterruptHandler                             bssBANK5     0005D7
_INT0_SetInterruptHandler                          text36       004012
_INT1_DefaultInterruptHandler                      (abs)        000000
_INT1_InterruptHandler                             bssBANK5     0005D5
_INT1_SetInterruptHandler                          text35       004008
_INT2_DefaultInterruptHandler                      (abs)        000000
_INT2_InterruptHandler                             bssBANK5     0005D3
_INT2_SetInterruptHandler                          text34       003FFE
_INTCON0bits                                       (abs)        0004D6
_INTERRUPT_Initialize                              text33       003E2C
_INTERRUPT_InterruptManager                        text43       003AD4
_IOCAF                                             (abs)        000407
_IOCAFbits                                         (abs)        000407
_IOCAN                                             (abs)        000406
_IOCAP                                             (abs)        000405
_IOCBF                                             (abs)        00040F
_IOCBN                                             (abs)        00040E
_IOCBP                                             (abs)        00040D
_IOCCF                                             (abs)        000417
_IOCCN                                             (abs)        000416
_IOCCP                                             (abs)        000415
_IOCEF                                             (abs)        000427
_IOCEN                                             (abs)        000426
_IOCEP                                             (abs)        000425
_IOCWF                                             (abs)        00043F
_IOCWN                                             (abs)        00043E
_IOCWP                                             (abs)        00043D
_IO_RA0_DefaultInterruptHandler                    text46       00403E
_IO_RA0_ISR                                        text45       003E60
_IO_RA0_InterruptHandler                           nvBANK5      0005DA
_IO_RA0_SetInterruptHandler                        text32       003FF4
_LATA                                              (abs)        000140
_LATB                                              (abs)        000141
_LATC                                              (abs)        000142
_LATD                                              (abs)        000143
_LATE                                              (abs)        000144
_LATF                                              (abs)        000145
_ODCONA                                            (abs)        000402
_ODCONB                                            (abs)        00040A
_ODCONC                                            (abs)        000412
_ODCOND                                            (abs)        00041A
_ODCONE                                            (abs)        000422
_ODCONF                                            (abs)        00042A
_OSCCON1                                           (abs)        0000AD
_OSCCON3                                           (abs)        0000AF
_OSCEN                                             (abs)        0000B3
_OSCFRQ                                            (abs)        0000B1
_OSCTUNE                                           (abs)        0000B0
_PIE0bits                                          (abs)        0004A7
_PIE1bits                                          (abs)        0004A8
_PIN_MANAGER_IOC                                   text44       003FDE
_PIN_MANAGER_Initialize                            text31       003976
_PIR0bits                                          (abs)        0004B2
_PIR10bits                                         (abs)        0004BC
_PIR1bits                                          (abs)        0004B3
_PIR6bits                                          (abs)        0004B8
_RB1I2C                                            (abs)        000286
_RB2I2C                                            (abs)        000285
_RB4PPS                                            (abs)        00020D
_RC3I2C                                            (abs)        000288
_RC4I2C                                            (abs)        000287
_SLRCONA                                           (abs)        000403
_SLRCONB                                           (abs)        00040B
_SLRCONC                                           (abs)        000413
_SLRCOND                                           (abs)        00041B
_SLRCONE                                           (abs)        000423
_SLRCONF                                           (abs)        00042B
_SYSTEM_Initialize                                 text26       003FB2
_TRISA                                             (abs)        000148
_TRISB                                             (abs)        000149
_TRISC                                             (abs)        00014A
_TRISD                                             (abs)        00014B
_TRISE                                             (abs)        00014C
_TRISF                                             (abs)        00014D
_U2BRGH                                            (abs)        0002C2
_U2BRGL                                            (abs)        0002C1
_U2CON0                                            (abs)        0002BE
_U2CON0bits                                        (abs)        0002BE
_U2CON1                                            (abs)        0002BF
_U2CON1bits                                        (abs)        0002BF
_U2CON2                                            (abs)        0002C0
_U2ERRIE                                           (abs)        0002C6
_U2ERRIR                                           (abs)        0002C5
_U2ERRIRbits                                       (abs)        0002C5
_U2FIFO                                            (abs)        0002C3
_U2FIFObits                                        (abs)        0002C3
_U2P1L                                             (abs)        0002B8
_U2P2L                                             (abs)        0002BA
_U2P3L                                             (abs)        0002BC
_U2RXB                                             (abs)        0002B4
_U2RXPPS                                           (abs)        000274
_U2TXB                                             (abs)        0002B6
_U2UIR                                             (abs)        0002C4
_U2UIRbits                                         (abs)        0002C4
_UART2                                             smallconst   001601
_UART2_AutoBaudQuery                               (abs)        000000
_UART2_AutoBaudSet                                 (abs)        000000
_UART2_DefaultFramingErrorCallback                 (abs)        000000
_UART2_DefaultOverrunErrorCallback                 (abs)        000000
_UART2_DefaultParityErrorCallback                  (abs)        000000
_UART2_Deinitialize                                (abs)        000000
_UART2_ErrorGet                                    (abs)        000000
_UART2_FramingErrorCallbackRegister                text30       003F64
_UART2_FramingErrorHandler                         bssBANK5     0005CD
_UART2_Initialize                                  text27       003C3A
_UART2_IsRxReady                                   (abs)        000000
_UART2_IsTxDone                                    (abs)        000000
_UART2_IsTxReady                                   text12       003EC2
_UART2_IsTxReady$1067                              cstackCOMRAM 000503
_UART2_OverrunErrorCallbackRegister                text29       003F48
_UART2_OverrunErrorHandler                         bssBANK5     0005CB
_UART2_ParityErrorCallbackRegister                 text28       003F2C
_UART2_ParityErrorHandler                          bssBANK5     0005C9
_UART2_Read                                        (abs)        000000
_UART2_TransmitDisable                             (abs)        000000
_UART2_TransmitEnable                              (abs)        000000
_UART2_Write                                       text11       00401C
_WPUA                                              (abs)        000401
_WPUB                                              (abs)        000409
_WPUC                                              (abs)        000411
_WPUD                                              (abs)        000419
_WPUE                                              (abs)        000421
_WPUF                                              (abs)        000429
__HRAM                                             (abs)        000000
__H__absolute__                                    __absolute__ 000000
__Habs1                                            abs1         000000
__Hbank10                                          bank10       000000
__Hbank11                                          bank11       000000
__Hbank12                                          bank12       000000
__Hbank13                                          bank13       000000
__Hbank14                                          bank14       000000
__Hbank15                                          bank15       000000
__Hbank16                                          bank16       000000
__Hbank17                                          bank17       000000
__Hbank18                                          bank18       000000
__Hbank19                                          bank19       000000
__Hbank20                                          bank20       000000
__Hbank5                                           bank5        000000
__Hbank6                                           bank6        000000
__Hbank7                                           bank7        000000
__Hbank8                                           bank8        000000
__Hbank9                                           bank9        000000
__Hbigbss                                          bigbss       000000
__Hbigdata                                         bigdata      000000
__Hbigram                                          bigram       000000
__Hbigsfr                                          bigsfr       000000
__Hbss                                             bss          000000
__HbssBANK5                                        bssBANK5     000000
__HbssBANK6                                        bssBANK6     000000
__HbssCOMRAM                                       bssCOMRAM    000000
__Hcinit                                           cinit        000000
__Hclrtext                                         clrtext      000000
__Hcomram                                          comram       000000
__Hconfig                                          config       30000B
__Hconst                                           const        000000
__HcstackBANK5                                     cstackBANK5  000000
__HcstackCOMRAM                                    cstackCOMRAM 000000
__Hdata                                            data         000000
__Heeprom_data                                     eeprom_data  000000
__Hfarbss                                          farbss       000000
__Hfardata                                         fardata      000000
__Hheap                                            heap         000000
__Hibigdata                                        ibigdata     000000
__Hidata                                           idata        000000
__Hidloc                                           idloc        000000
__Hifardata                                        ifardata     000000
__Hinit                                            init         00001E
__Hintsave_regs                                    intsave_regs 000000
__Hirdata                                          irdata       000000
__Hivt0x8                                          ivt0x8       00001A
__Hmediumconst                                     mediumconst  000000
__HnvBANK5                                         nvBANK5      000000
__HnvFARRAM                                        nvFARRAM     000000
__Hnvbit                                           nvbit        000000
__Hnvrram                                          nvrram       000000
__Hparam                                           rparam       000000
__Hpowerup                                         powerup      000000
__Hram                                             ram          000000
__Hramtop                                          ramtop       001600
__Hrbit                                            rbit         000000
__Hrbss                                            rbss         000000
__Hrdata                                           rdata        000000
__Hreset_vec                                       reset_vec    000004
__Hrparam                                          rparam       000000
__Hsfr                                             sfr          000000
__Hsmallconst                                      smallconst   001656
__Hspace_0                                         (abs)        004040
__Hspace_1                                         (abs)        000650
__Hspace_2                                         (abs)        000000
__Hspace_4                                         (abs)        60000B
__Hstack                                           stack        000000
__Hstruct                                          struct       000000
__Htemp                                            temp         000000
__Htext                                            text         000000
__Htext0                                           text0        000000
__Htext1                                           text1        000000
__Htext10                                          text10       000000
__Htext11                                          text11       000000
__Htext12                                          text12       000000
__Htext13                                          text13       000000
__Htext14                                          text14       000000
__Htext15                                          text15       000000
__Htext16                                          text16       000000
__Htext17                                          text17       000000
__Htext18                                          text18       000000
__Htext19                                          text19       000000
__Htext2                                           text2        000000
__Htext20                                          text20       000000
__Htext21                                          text21       000000
__Htext22                                          text22       000000
__Htext23                                          text23       000000
__Htext24                                          text24       000000
__Htext25                                          text25       000000
__Htext26                                          text26       000000
__Htext27                                          text27       000000
__Htext28                                          text28       000000
__Htext29                                          text29       000000
__Htext3                                           text3        000000
__Htext30                                          text30       000000
__Htext31                                          text31       000000
__Htext32                                          text32       000000
__Htext33                                          text33       000000
__Htext34                                          text34       000000
__Htext35                                          text35       000000
__Htext36                                          text36       000000
__Htext37                                          text37       000000
__Htext38                                          text38       000000
__Htext39                                          text39       000000
__Htext4                                           text4        000000
__Htext40                                          text40       000000
__Htext41                                          text41       000000
__Htext42                                          text42       000000
__Htext43                                          text43       000000
__Htext44                                          text44       000000
__Htext45                                          text45       000000
__Htext46                                          text46       000000
__Htext47                                          text47       000000
__Htext48                                          text48       000000
__Htext49                                          text49       000000
__Htext5                                           text5        000000
__Htext6                                           text6        000000
__Htext7                                           text7        000000
__Htext8                                           text8        000000
__Htext9                                           text9        000000
__LRAM                                             (abs)        000001
__L__absolute__                                    __absolute__ 000000
__Labs1                                            abs1         000000
__Lbank10                                          bank10       000000
__Lbank11                                          bank11       000000
__Lbank12                                          bank12       000000
__Lbank13                                          bank13       000000
__Lbank14                                          bank14       000000
__Lbank15                                          bank15       000000
__Lbank16                                          bank16       000000
__Lbank17                                          bank17       000000
__Lbank18                                          bank18       000000
__Lbank19                                          bank19       000000
__Lbank20                                          bank20       000000
__Lbank5                                           bank5        000000
__Lbank6                                           bank6        000000
__Lbank7                                           bank7        000000
__Lbank8                                           bank8        000000
__Lbank9                                           bank9        000000
__Lbigbss                                          bigbss       000000
__Lbigdata                                         bigdata      000000
__Lbigram                                          bigram       000000
__Lbigsfr                                          bigsfr       000000
__Lbss                                             bss          000000
__LbssBANK5                                        bssBANK5     000000
__LbssBANK6                                        bssBANK6     000000
__LbssCOMRAM                                       bssCOMRAM    000000
__Lcinit                                           cinit        000000
__Lclrtext                                         clrtext      000000
__Lcomram                                          comram       000000
__Lconfig                                          config       000000
__Lconst                                           const        000000
__LcstackBANK5                                     cstackBANK5  000000
__LcstackCOMRAM                                    cstackCOMRAM 000000
__Ldata                                            data         000000
__Leeprom_data                                     eeprom_data  000000
__Lfarbss                                          farbss       000000
__Lfardata                                         fardata      000000
__Lheap                                            heap         000000
__Libigdata                                        ibigdata     000000
__Lidata                                           idata        000000
__Lidloc                                           idloc        000000
__Lifardata                                        ifardata     000000
__Linit                                            init         00001A
__Lintsave_regs                                    intsave_regs 000000
__Lirdata                                          irdata       000000
__Livt0x8                                          ivt0x8       000008
__Lmediumconst                                     mediumconst  000000
__LnvBANK5                                         nvBANK5      000000
__LnvFARRAM                                        nvFARRAM     000000
__Lnvbit                                           nvbit        000000
__Lnvrram                                          nvrram       000000
__Lparam                                           rparam       000000
__Lpowerup                                         powerup      000000
__Lram                                             ram          000000
__Lramtop                                          ramtop       001600
__Lrbit                                            rbit         000000
__Lrbss                                            rbss         000000
__Lrdata                                           rdata        000000
__Lreset_vec                                       reset_vec    000000
__Lrparam                                          rparam       000000
__Lsfr                                             sfr          000000
__Lsmallconst                                      smallconst   001600
__Lspace_0                                         (abs)        000000
__Lspace_1                                         (abs)        000000
__Lspace_2                                         (abs)        000000
__Lspace_4                                         (abs)        000000
__Lstack                                           stack        000000
__Lstruct                                          struct       000000
__Ltemp                                            temp         000000
__Ltext                                            text         000000
__Ltext0                                           text0        000000
__Ltext1                                           text1        000000
__Ltext10                                          text10       000000
__Ltext11                                          text11       000000
__Ltext12                                          text12       000000
__Ltext13                                          text13       000000
__Ltext14                                          text14       000000
__Ltext15                                          text15       000000
__Ltext16                                          text16       000000
__Ltext17                                          text17       000000
__Ltext18                                          text18       000000
__Ltext19                                          text19       000000
__Ltext2                                           text2        000000
__Ltext20                                          text20       000000
__Ltext21                                          text21       000000
__Ltext22                                          text22       000000
__Ltext23                                          text23       000000
__Ltext24                                          text24       000000
__Ltext25                                          text25       000000
__Ltext26                                          text26       000000
__Ltext27                                          text27       000000
__Ltext28                                          text28       000000
__Ltext29                                          text29       000000
__Ltext3                                           text3        000000
__Ltext30                                          text30       000000
__Ltext31                                          text31       000000
__Ltext32                                          text32       000000
__Ltext33                                          text33       000000
__Ltext34                                          text34       000000
__Ltext35                                          text35       000000
__Ltext36                                          text36       000000
__Ltext37                                          text37       000000
__Ltext38                                          text38       000000
__Ltext39                                          text39       000000
__Ltext4                                           text4        000000
__Ltext40                                          text40       000000
__Ltext41                                          text41       000000
__Ltext42                                          text42       000000
__Ltext43                                          text43       000000
__Ltext44                                          text44       000000
__Ltext45                                          text45       000000
__Ltext46                                          text46       000000
__Ltext47                                          text47       000000
__Ltext48                                          text48       000000
__Ltext49                                          text49       000000
__Ltext5                                           text5        000000
__Ltext6                                           text6        000000
__Ltext7                                           text7        000000
__Ltext8                                           text8        000000
__Ltext9                                           text9        000000
__S0                                               (abs)        004040
__S1                                               (abs)        000650
__S4                                               (abs)        000000
__S5                                               (abs)        000000
___fladd                                           text19       002042
___fladd@a                                         cstackCOMRAM 000507
___fladd@aexp                                      cstackCOMRAM 000510
___fladd@b                                         cstackCOMRAM 000503
___fladd@bexp                                      cstackCOMRAM 000511
___fladd@grs                                       cstackCOMRAM 000512
___fladd@signs                                     cstackCOMRAM 00050F
___fldiv                                           text24       00291E
___fldiv@a                                         cstackCOMRAM 000532
___fldiv@aexp                                      cstackCOMRAM 000546
___fldiv@b                                         cstackCOMRAM 00052E
___fldiv@bexp                                      cstackCOMRAM 000545
___fldiv@grs                                       cstackCOMRAM 000541
___fldiv@new_exp                                   cstackCOMRAM 00053F
___fldiv@rem                                       cstackCOMRAM 00053A
___fldiv@sign                                      cstackCOMRAM 00053E
___fleq                                            text23       003A2A
___fleq@ff1                                        cstackCOMRAM 000503
___fleq@ff2                                        cstackCOMRAM 000507
___flge                                            text22       00351A
___flge@ff1                                        cstackCOMRAM 00052E
___flge@ff2                                        cstackCOMRAM 000532
___flmul                                           text21       0024F8
___flmul@a                                         cstackCOMRAM 000519
___flmul@aexp                                      cstackCOMRAM 000526
___flmul@b                                         cstackCOMRAM 000515
___flmul@bexp                                      cstackCOMRAM 000527
___flmul@grs                                       cstackCOMRAM 000522
___flmul@prod                                      cstackCOMRAM 000528
___flmul@sign                                      cstackCOMRAM 000521
___flmul@temp                                      cstackCOMRAM 00052C
___flneg                                           text20       003DF4
___flneg@f1                                        cstackCOMRAM 000503
___flsub                                           text18       003D2E
___flsub@a                                         cstackCOMRAM 000532
___flsub@b                                         cstackCOMRAM 00052E
___fltol                                           text17       003414
___fltol@exp1                                      cstackCOMRAM 00050C
___fltol@f1                                        cstackCOMRAM 000503
___fltol@sign1                                     cstackCOMRAM 00050B
___fpclassifyf                                     text16       00361E
___fpclassifyf@F465                                bssBANK5     0005BB
___fpclassifyf@e                                   cstackCOMRAM 00050B
___fpclassifyf@u                                   cstackCOMRAM 00050D
___fpclassifyf@x                                   cstackCOMRAM 000503
___heap_hi                                         (abs)        000000
___heap_lo                                         (abs)        000000
___inthi_sp                                        stack        000000
___inthi_stack_hi                                  stack        000000
___inthi_stack_lo                                  stack        000000
___intlo_sp                                        stack        000000
___intlo_stack_hi                                  stack        000000
___intlo_stack_lo                                  stack        000000
___param_bank                                      (abs)        000000
___rparam_used                                     (abs)        000001
___sp                                              stack        000000
___stack_hi                                        stack        000000
___stack_lo                                        stack        000000
___xxtofl                                          text25       0030D6
___xxtofl@arg                                      cstackCOMRAM 000511
___xxtofl@exp                                      cstackCOMRAM 000510
___xxtofl@sign                                     cstackCOMRAM 00050F
___xxtofl@val                                      cstackCOMRAM 000507
__accesstop                                        (abs)        000560
__activetblptr                                     (abs)        000003
__end_of_ADC_Context1ThresholdISR                  text49       00403E
__end_of_ADC_Context2ThresholdISR                  text48       00403A
__end_of_ADC_ContextSelect                         text42       00402C
__end_of_ADC_ConversionResultGet                   text41       003F9A
__end_of_ADC_ConversionStart                       text40       004032
__end_of_ADC_ISR                                   text47       004036
__end_of_ADC_Initialize                            text38       0037EC
__end_of_ADC_IsConversionDone                      text39       003FDE
__end_of_CLOCK_Initialize                          text37       003FB2
__end_of_INT0_SetInterruptHandler                  text36       00401C
__end_of_INT1_SetInterruptHandler                  text35       004012
__end_of_INT2_SetInterruptHandler                  text34       004008
__end_of_INTERRUPT_Initialize                      text33       003E60
__end_of_INTERRUPT_InterruptManager                text43       003B76
__end_of_IO_RA0_DefaultInterruptHandler            text46       004040
__end_of_IO_RA0_ISR                                text45       003E92
__end_of_IO_RA0_SetInterruptHandler                text32       003FFE
__end_of_PIN_MANAGER_IOC                           text44       003FF4
__end_of_PIN_MANAGER_Initialize                    text31       003A2A
__end_of_SYSTEM_Initialize                         text26       003FC8
__end_of_UART2                                     smallconst   001631
__end_of_UART2_FramingErrorCallbackRegister        text30       003F80
__end_of_UART2_Initialize                          text27       003C8E
__end_of_UART2_IsTxReady                           text12       003EEA
__end_of_UART2_OverrunErrorCallbackRegister        text29       003F64
__end_of_UART2_ParityErrorCallbackRegister         text28       003F48
__end_of_UART2_Write                               text11       004024
__end_of___fladd                                   text19       0024F8
__end_of___fldiv                                   text24       002CAE
__end_of___fleq                                    text23       003AD4
__end_of___flge                                    text22       00361E
__end_of___flmul                                   text21       00291E
__end_of___flneg                                   text20       003E2C
__end_of___flsub                                   text18       003D74
__end_of___fltol                                   text17       00351A
__end_of___fpclassifyf                             text16       00371C
__end_of___xxtofl                                  text25       00328A
__end_of__initialization                           cinit        003EBC
__end_of_efgtoa                                    text5        002042
__end_of_floorf                                    text15       0030D6
__end_of_fputc                                     text9        0038B6
__end_of_fputs                                     text8        003DB8
__end_of_labs                                      text14       003C3A
__end_of_main                                      text0        003414
__end_of_memcpy                                    text13       003D2E
__end_of_pad                                       text7        003BE4
__end_of_printf                                    text1        003F0E
__end_of_putch                                     text10       003F2C
__end_of_read_prec_or_width                        text4        003976
__end_of_strcpy                                    text6        003DF4
__end_of_vfpfcnvrt                                 text3        002EC4
__end_of_vfprintf                                  text2        003CDE
__initialization                                   cinit        003E92
__mediumconst                                      smallconst   001600
__pbssBANK5                                        bssBANK5     0005B7
__pbssBANK6                                        bssBANK6     000600
__pbssCOMRAM                                       bssCOMRAM    00055C
__pcinit                                           cinit        003E92
__pcstackBANK5                                     cstackBANK5  000560
__pcstackCOMRAM                                    cstackCOMRAM 000501
__pivt0x8                                          ivt0x8       000008
__pnvBANK5                                         nvBANK5      0005DA
__psmallconst                                      smallconst   001600
__ptext0                                           text0        00328A
__ptext1                                           text1        003EEA
__ptext10                                          text10       003F0E
__ptext11                                          text11       00401C
__ptext12                                          text12       003EC2
__ptext13                                          text13       003CDE
__ptext14                                          text14       003BE4
__ptext15                                          text15       002EC4
__ptext16                                          text16       00361E
__ptext17                                          text17       003414
__ptext18                                          text18       003D2E
__ptext19                                          text19       002042
__ptext2                                           text2        003C8E
__ptext20                                          text20       003DF4
__ptext21                                          text21       0024F8
__ptext22                                          text22       00351A
__ptext23                                          text23       003A2A
__ptext24                                          text24       00291E
__ptext25                                          text25       0030D6
__ptext26                                          text26       003FB2
__ptext27                                          text27       003C3A
__ptext28                                          text28       003F2C
__ptext29                                          text29       003F48
__ptext3                                           text3        002CAE
__ptext30                                          text30       003F64
__ptext31                                          text31       003976
__ptext32                                          text32       003FF4
__ptext33                                          text33       003E2C
__ptext34                                          text34       003FFE
__ptext35                                          text35       004008
__ptext36                                          text36       004012
__ptext37                                          text37       003F9A
__ptext38                                          text38       00371C
__ptext39                                          text39       003FC8
__ptext4                                           text4        0038B6
__ptext40                                          text40       00402C
__ptext41                                          text41       003F80
__ptext42                                          text42       004024
__ptext43                                          text43       003AD4
__ptext44                                          text44       003FDE
__ptext45                                          text45       003E60
__ptext46                                          text46       00403E
__ptext47                                          text47       004032
__ptext48                                          text48       004036
__ptext49                                          text49       00403A
__ptext5                                           text5        001656
__ptext6                                           text6        003DB8
__ptext7                                           text7        003B76
__ptext8                                           text8        003D74
__ptext9                                           text9        0037EC
__ramtop                                           ramtop       001600
__smallconst                                       smallconst   001600
_context                                           bssBANK5     0005D1
_context1                                          bssCOMRAM    00055D
_context2                                          bssCOMRAM    00055C
_dbuf                                              bssBANK6     000600
_efgtoa                                            text5        001656
_efgtoa$2284                                       cstackBANK5  00056F
_flags                                             bssBANK5     0005D9
_floorf                                            text15       002EC4
_fputc                                             text9        0037EC
_fputs                                             text8        003D74
_labs                                              text14       003BE4
_main                                              text0        00328A
_main$2808                                         cstackBANK5  0005B3
_memcpy                                            text13       003CDE
_pad                                               text7        003B76
_prec                                              bssBANK5     0005C1
_printf                                            text1        003EEA
_putch                                             text10       003F0E
_read_prec_or_width                                text4        0038B6
_strcpy                                            text6        003DB8
_uart2RxLastError                                  bssBANK5     0005CF
_vfpfcnvrt                                         text3        002CAE
_vfprintf                                          text2        003C8E
_width                                             bssBANK5     0005BF
efgtoa@c                                           cstackBANK5  000566
efgtoa@d                                           cstackBANK5  000574
efgtoa@e                                           cstackBANK5  000578
efgtoa@f                                           cstackBANK5  000562
efgtoa@fp                                          cstackBANK5  000560
efgtoa@g                                           cstackBANK5  00058B
efgtoa@h                                           cstackBANK5  000582
efgtoa@i                                           cstackBANK5  000580
efgtoa@l                                           cstackBANK5  000586
efgtoa@m                                           cstackBANK5  000576
efgtoa@mode                                        cstackBANK5  000572
efgtoa@n                                           cstackBANK5  00058F
efgtoa@ne                                          cstackBANK5  000569
efgtoa@nmode                                       cstackBANK5  000573
efgtoa@ou                                          cstackBANK5  00057C
efgtoa@p                                           cstackBANK5  00056B
efgtoa@pp                                          cstackBANK5  000571
efgtoa@sign                                        cstackBANK5  00058A
efgtoa@t                                           cstackBANK5  00056D
efgtoa@u                                           cstackBANK5  000591
efgtoa@w                                           cstackBANK5  00057A
end_of_initialization                              cinit        003EBC
floorf@F521                                        bssBANK5     0005B7
floorf@e                                           cstackCOMRAM 000555
floorf@m                                           cstackCOMRAM 000551
floorf@u                                           cstackCOMRAM 000557
floorf@x                                           cstackCOMRAM 000547
fputc@c                                            cstackCOMRAM 000505
fputc@fp                                           cstackCOMRAM 000507
fputs@c                                            cstackCOMRAM 000512
fputs@fp                                           cstackCOMRAM 000510
fputs@i                                            cstackCOMRAM 000513
fputs@s                                            cstackCOMRAM 00050E
intlevel0                                          text         000000
intlevel1                                          text         000000
intlevel2                                          text         000000
intlevel3                                          text         000000
isa$std                                            (abs)        000001
isa$xinst                                          (abs)        000000
ivt0x8_base                                        ivt0x8       000008
labs@a                                             cstackCOMRAM 000503
main@context1                                      cstackBANK5  0005B1
main@context2                                      cstackBANK5  0005B2
memcpy@d                                           cstackCOMRAM 000509
memcpy@d1                                          cstackCOMRAM 000503
memcpy@n                                           cstackCOMRAM 000507
memcpy@s                                           cstackCOMRAM 00050B
memcpy@s1                                          cstackCOMRAM 000505
memcpy@tmp                                         cstackCOMRAM 00050D
pad@buf                                            cstackCOMRAM 000517
pad@fp                                             cstackCOMRAM 000515
pad@i                                              cstackCOMRAM 00051C
pad@p                                              cstackCOMRAM 000519
printf@ap                                          cstackBANK5  0005AD
printf@fmt                                         cstackBANK5  0005A8
putch@txData                                       cstackCOMRAM 000504
read_prec_or_width@ap                              cstackCOMRAM 000505
read_prec_or_width@c                               cstackCOMRAM 000509
read_prec_or_width@fmt                             cstackCOMRAM 000503
read_prec_or_width@n                               cstackCOMRAM 00050A
stackhi                                            (abs)        000000
stacklo                                            (abs)        000000
start                                              init         00001A
start_initialization                               cinit        003E92
strcpy@d                                           cstackCOMRAM 000507
strcpy@dest                                        cstackCOMRAM 000503
strcpy@src                                         cstackCOMRAM 000505
vfpfcnvrt@ap                                       cstackBANK5  000599
vfpfcnvrt@c                                        cstackBANK5  0005A1
vfpfcnvrt@convarg                                  cstackBANK5  00059D
vfpfcnvrt@cp                                       cstackBANK5  0005A2
vfpfcnvrt@fmt                                      cstackBANK5  000597
vfpfcnvrt@fp                                       cstackBANK5  000595
vfprintf@ap                                        cstackBANK5  0005A6
vfprintf@cfmt                                      cstackCOMRAM 00055B
vfprintf@fmt                                       cstackBANK5  0005A5
vfprintf@fp                                        cstackBANK5  0005A3


MODULE INFORMATION

Module		Function		Class		Link	Load	Size
C:\Program Files\Microchip\xc8\v3.00\pic\sources\c99\common\flge.c
		___flge        		CODE           	351A	0000	260

C:\Program Files\Microchip\xc8\v3.00\pic\sources\c99\common\flge.c estimated size: 260

C:\Program Files\Microchip\xc8\v3.00\pic\sources\c99\common\nf_fputc.c
		_fputc         		CODE           	37EC	0000	202

C:\Program Files\Microchip\xc8\v3.00\pic\sources\c99\common\nf_fputc.c estimated size: 202

C:\Program Files\Microchip\xc8\v3.00\pic\sources\c99\common\memcpy.c
		_memcpy        		CODE           	3CDE	0000	80

C:\Program Files\Microchip\xc8\v3.00\pic\sources\c99\common\memcpy.c estimated size: 80

C:\Program Files\Microchip\xc8\v3.00\pic\sources\c99\common\flneg.c
		___flneg       		CODE           	3DF4	0000	56

C:\Program Files\Microchip\xc8\v3.00\pic\sources\c99\common\flneg.c estimated size: 56

C:\Program Files\Microchip\xc8\v3.00\pic\sources\c99\common\__fpclassifyf.c
		___fpclassifyf 		CODE           	361E	0000	254

C:\Program Files\Microchip\xc8\v3.00\pic\sources\c99\common\__fpclassifyf.c estimated size: 254

mcc_generated_files/system/src/interrupt.c
		_INT0_SetInterruptHandler		CODE           	4012	0000	10
		_INT1_SetInterruptHandler		CODE           	4008	0000	10
		_INT2_SetInterruptHandler		CODE           	3FFE	0000	10
		_INTERRUPT_Initialize		CODE           	3E2C	0000	52
		_INTERRUPT_InterruptManager		CODE           	3AD4	0000	162

mcc_generated_files/system/src/interrupt.c estimated size: 244

mcc_generated_files/adc/src/adc.c
		_ADC_Initialize		CODE           	371C	0000	208
		_ADC_IsConversionDone		CODE           	3FC8	0000	22
		_ADC_ConversionStart		CODE           	402C	0000	6
		_ADC_Context1ThresholdISR		CODE           	403A	0000	4
		_ADC_Context2ThresholdISR		CODE           	4036	0000	4
		_ADC_ISR       		CODE           	4032	0000	4
		_ADC_ConversionResultGet		CODE           	3F80	0000	26
		_ADC_ContextSelect		CODE           	4024	0000	8

mcc_generated_files/adc/src/adc.c estimated size: 282

C:\Program Files\Microchip\xc8\v3.00\pic\sources\c99\common\printf.c
		_printf        		CODE           	3EEA	0000	36

C:\Program Files\Microchip\xc8\v3.00\pic\sources\c99\common\printf.c estimated size: 36

C:\Program Files\Microchip\xc8\v3.00\pic\sources\c99\common\floorf.c
		_floorf        		CODE           	2EC4	0000	530

C:\Program Files\Microchip\xc8\v3.00\pic\sources\c99\common\floorf.c estimated size: 530

C:\Program Files\Microchip\xc8\v3.00\pic\sources\c99\common\fleq.c
		___fleq        		CODE           	3A2A	0000	170

C:\Program Files\Microchip\xc8\v3.00\pic\sources\c99\common\fleq.c estimated size: 170

C:\Program Files\Microchip\xc8\v3.00\pic\sources\c99\common\sprcmul.c
		___flmul       		CODE           	24F8	0000	1062

C:\Program Files\Microchip\xc8\v3.00\pic\sources\c99\common\sprcmul.c estimated size: 1062

mcc_generated_files/system/src/pins.c
		_PIN_MANAGER_Initialize		CODE           	3976	0000	180
		_IO_RA0_SetInterruptHandler		CODE           	3FF4	0000	10
		_PIN_MANAGER_IOC		CODE           	3FDE	0000	22
		_IO_RA0_DefaultInterruptHandler		CODE           	403E	0000	2
		_IO_RA0_ISR    		CODE           	3E60	0000	50

mcc_generated_files/system/src/pins.c estimated size: 264

C:\Program Files\Microchip\xc8\v3.00\pic\sources\c99\common\sprcdiv.c
		___fldiv       		CODE           	291E	0000	912

C:\Program Files\Microchip\xc8\v3.00\pic\sources\c99\common\sprcdiv.c estimated size: 912

shared
		__initialization		CODE           	3E92	0000	42
		_UART2         		SMALLCONST     	1601	0000	48

shared estimated size: 90

C:\Program Files\Microchip\xc8\v3.00\pic\sources\c99\common\xxtofl.c
		___xxtofl      		CODE           	30D6	0000	436

C:\Program Files\Microchip\xc8\v3.00\pic\sources\c99\common\xxtofl.c estimated size: 436

C:\Program Files\Microchip\xc8\v3.00\pic\sources\c99\common\nf_fputs.c
		_fputs         		CODE           	3D74	0000	68

C:\Program Files\Microchip\xc8\v3.00\pic\sources\c99\common\nf_fputs.c estimated size: 68

C:\Program Files\Microchip\xc8\v3.00\pic\sources\c99\common\strcpy.c
		_strcpy        		CODE           	3DB8	0000	60

C:\Program Files\Microchip\xc8\v3.00\pic\sources\c99\common\strcpy.c estimated size: 60

mcc_generated_files/system/src/clock.c
		_CLOCK_Initialize		CODE           	3F9A	0000	24

mcc_generated_files/system/src/clock.c estimated size: 24

C:\Program Files\Microchip\xc8\v3.00\pic\sources\c99\common\fltol.c
		___fltol       		CODE           	3414	0000	262

C:\Program Files\Microchip\xc8\v3.00\pic\sources\c99\common\fltol.c estimated size: 262

C:\Program Files\Microchip\xc8\v3.00\pic\sources\c99\common\labs.c
		_labs          		CODE           	3BE4	0000	86

C:\Program Files\Microchip\xc8\v3.00\pic\sources\c99\common\labs.c estimated size: 86

main.c
		_main          		CODE           	328A	0000	394

main.c estimated size: 394

C:\Program Files\Microchip\xc8\v3.00\pic\sources\c99\common\doprnt.c
		_read_prec_or_width		CODE           	38B6	0000	192
		_vfpfcnvrt     		CODE           	2CAE	0000	534
		_efgtoa        		CODE           	1656	0000	2540
		_pad           		CODE           	3B76	0000	110
		_vfprintf      		CODE           	3C8E	0000	80

C:\Program Files\Microchip\xc8\v3.00\pic\sources\c99\common\doprnt.c estimated size: 3456

mcc_generated_files/uart/src/uart2.c
		_UART2_ParityErrorCallbackRegister		CODE           	3F2C	0000	28
		_putch         		CODE           	3F0E	0000	30
		_UART2_IsTxReady		CODE           	3EC2	0000	40
		_UART2_Write   		CODE           	401C	0000	8
		_UART2_FramingErrorCallbackRegister		CODE           	3F64	0000	28
		_UART2_OverrunErrorCallbackRegister		CODE           	3F48	0000	28
		_UART2_Initialize		CODE           	3C3A	0000	84

mcc_generated_files/uart/src/uart2.c estimated size: 246

C:\Program Files\Microchip\xc8\v3.00\pic\sources\c99\common\sprcadd.c
		___flsub       		CODE           	3D2E	0000	70
		___fladd       		CODE           	2042	0000	1206

C:\Program Files\Microchip\xc8\v3.00\pic\sources\c99\common\sprcadd.c estimated size: 1276

mcc_generated_files/system/src/system.c
		_SYSTEM_Initialize		CODE           	3FB2	0000	22

mcc_generated_files/system/src/system.c estimated size: 22

